

 Start  Stop   Length Name                   Class
 00000H 00B86H 00B87H LMCAT_CODE             BC_CODE
 00B90H 00B90H 00000H LMCAT_IPLINE           BC_CODE
 00B90H 00B90H 00000H LMCAT_LNFILE           BC_CODE
 00B90H 00B90H 00000H LMCAT_FNAME            BC_CODE
 00B90H 00B90H 00000H CSEG                   CODESG
 00B90H 00B90H 00000H SHELL                  CODESG
 00B90H 08C37H 080A8H CODE                   CODE
 08C40H 08D45H 00106H RUN_CODE               CODE
 08D50H 08F1FH 001D0H BC_ICN_CODE            INIT_CODE
 08F20H 08F22H 00003H BC_IDS_CODE            INIT_CODE
 08F30H 094A7H 00578H INIT_CODE              INIT_CODE
 094B0H 094B0H 00000H DSEG                   DATASG
 094B0H 094B0H 00000H ULSEG                  DATASG
 094B0H 094B0H 00000H COMMON                 BLANK
 094B0H 094B0H 00000H CONST                  CONST
 094B0H 094B0H 00000H DATA                   DATA
 094B0H 09ADFH 00630H _BSS                   DATA
 09AE0H 09CBBH 001DCH _DATA                  DATA
 09CBCH 0A201H 00546H CONST                  DATA
 0A202H 0A37BH 0017AH BC_DATA                BC_VARS
 0A37CH 0A37CH 00000H BC_FT                  BC_SEGS
 0A380H 0A54FH 001D0H BC_CN                  BC_SEGS
 0A550H 0A552H 00003H BC_DS                  BC_SEGS
 0A560H 0A75FH 00200H STACK                  STACK

 Origin   Group
 094B:0   DGROUP

Program entry point at 0000:0030
