  aci_base.cpp
  aci_def.cpp
aci_def.cpp(108): warning C4996: 'wcsncpy': This function or variable may be unsafe. Consider using wcsncpy_s instead. To disable deprecation, use _CRT_SECURE_NO_WARNINGS. See online help for details.
  C:\Program Files (x86)\Windows Kits\10\Include\10.0.10240.0\ucrt\corecrt_wstring.h(204): note: see declaration of 'wcsncpy'
  aci_err.cpp
  aci_fil.cpp
aci_fil.cpp(51): warning C4244: '=': conversion from 'intptr_t' to 'long', possible loss of data
aci_fil.cpp(37): warning C4996: 'wcscpy': This function or variable may be unsafe. Consider using wcscpy_s instead. To disable deprecation, use _CRT_SECURE_NO_WARNINGS. See online help for details.
  C:\Program Files (x86)\Windows Kits\10\Include\10.0.10240.0\ucrt\corecrt_wstring.h(121): note: see declaration of 'wcscpy'
aci_fil.cpp(73): warning C4244: '=': conversion from 'intptr_t' to 'long', possible loss of data
aci_fil.cpp(76): warning C4996: 'wcsicmp': The POSIX name for this item is deprecated. Instead, use the ISO C and C++ conformant name: _wcsicmp. See online help for details.
  C:\Program Files (x86)\Windows Kits\10\Include\10.0.10240.0\ucrt\corecrt_wstring.h(585): note: see declaration of 'wcsicmp'
aci_fil.cpp(123): warning C4267: '=': conversion from 'size_t' to 'int', possible loss of data
aci_fil.cpp(114): warning C4996: '_wfopen': This function or variable may be unsafe. Consider using _wfopen_s instead. To disable deprecation, use _CRT_SECURE_NO_WARNINGS. See online help for details.
  C:\Program Files (x86)\Windows Kits\10\Include\10.0.10240.0\ucrt\corecrt_wstdio.h(129): note: see declaration of '_wfopen'
aci_fil.cpp(130): warning C4996: 'wcscpy': This function or variable may be unsafe. Consider using wcscpy_s instead. To disable deprecation, use _CRT_SECURE_NO_WARNINGS. See online help for details.
  C:\Program Files (x86)\Windows Kits\10\Include\10.0.10240.0\ucrt\corecrt_wstring.h(121): note: see declaration of 'wcscpy'
aci_fil.cpp(132): warning C4996: 'wcscpy': This function or variable may be unsafe. Consider using wcscpy_s instead. To disable deprecation, use _CRT_SECURE_NO_WARNINGS. See online help for details.
  C:\Program Files (x86)\Windows Kits\10\Include\10.0.10240.0\ucrt\corecrt_wstring.h(121): note: see declaration of 'wcscpy'
aci_fil.cpp(160): warning C4996: '_wcsupr': This function or variable may be unsafe. Consider using _wcsupr_s instead. To disable deprecation, use _CRT_SECURE_NO_WARNINGS. See online help for details.
  C:\Program Files (x86)\Windows Kits\10\Include\10.0.10240.0\ucrt\corecrt_wstring.h(425): note: see declaration of '_wcsupr'
aci_fil.cpp(161): warning C4996: '_wcsupr': This function or variable may be unsafe. Consider using _wcsupr_s instead. To disable deprecation, use _CRT_SECURE_NO_WARNINGS. See online help for details.
  C:\Program Files (x86)\Windows Kits\10\Include\10.0.10240.0\ucrt\corecrt_wstring.h(425): note: see declaration of '_wcsupr'
aci_fil.cpp(168): warning C4996: 'wcscat': This function or variable may be unsafe. Consider using wcscat_s instead. To disable deprecation, use _CRT_SECURE_NO_WARNINGS. See online help for details.
  C:\Program Files (x86)\Windows Kits\10\Include\10.0.10240.0\ucrt\corecrt_wstring.h(101): note: see declaration of 'wcscat'
  aci_filter.cpp
aci_filter.cpp(73): warning C4101: 'resb': unreferenced local variable
  aci_il.cpp
aci_il.cpp(50): warning C4996: 'fopen': This function or variable may be unsafe. Consider using fopen_s instead. To disable deprecation, use _CRT_SECURE_NO_WARNINGS. See online help for details.
  C:\Program Files (x86)\Windows Kits\10\Include\10.0.10240.0\ucrt\stdio.h(205): note: see declaration of 'fopen'
aci_il.cpp(62): warning C4996: 'getch': The POSIX name for this item is deprecated. Instead, use the ISO C and C++ conformant name: _getch. See online help for details.
  C:\Program Files (x86)\Windows Kits\10\Include\10.0.10240.0\ucrt\conio.h(452): note: see declaration of 'getch'
aci_il.cpp(81): warning C4996: 'fopen': This function or variable may be unsafe. Consider using fopen_s instead. To disable deprecation, use _CRT_SECURE_NO_WARNINGS. See online help for details.
  C:\Program Files (x86)\Windows Kits\10\Include\10.0.10240.0\ucrt\stdio.h(205): note: see declaration of 'fopen'
  aci_net.cpp
aci_net.cpp(21): warning C4996: 'wcscpy': This function or variable may be unsafe. Consider using wcscpy_s instead. To disable deprecation, use _CRT_SECURE_NO_WARNINGS. See online help for details.
  C:\Program Files (x86)\Windows Kits\10\Include\10.0.10240.0\ucrt\corecrt_wstring.h(121): note: see declaration of 'wcscpy'
aci_net.cpp(34): warning C4996: 'wcscpy': This function or variable may be unsafe. Consider using wcscpy_s instead. To disable deprecation, use _CRT_SECURE_NO_WARNINGS. See online help for details.
  C:\Program Files (x86)\Windows Kits\10\Include\10.0.10240.0\ucrt\corecrt_wstring.h(121): note: see declaration of 'wcscpy'
  aci_rbf.cpp
aci_rbf.cpp(90): warning C4996: 'wcscpy': This function or variable may be unsafe. Consider using wcscpy_s instead. To disable deprecation, use _CRT_SECURE_NO_WARNINGS. See online help for details.
  C:\Program Files (x86)\Windows Kits\10\Include\10.0.10240.0\ucrt\corecrt_wstring.h(121): note: see declaration of 'wcscpy'
aci_rbf.cpp(181): warning C4996: 'wcscpy': This function or variable may be unsafe. Consider using wcscpy_s instead. To disable deprecation, use _CRT_SECURE_NO_WARNINGS. See online help for details.
  C:\Program Files (x86)\Windows Kits\10\Include\10.0.10240.0\ucrt\corecrt_wstring.h(121): note: see declaration of 'wcscpy'
  aci_str.cpp
  aci_tools.cpp
aci_tools.cpp(115): warning C4101: 'rscode': unreferenced local variable
aci_tools.cpp(117): warning C4101: 'str': unreferenced local variable
aci_tools.cpp(218): warning C4996: 'wcscpy': This function or variable may be unsafe. Consider using wcscpy_s instead. To disable deprecation, use _CRT_SECURE_NO_WARNINGS. See online help for details.
  C:\Program Files (x86)\Windows Kits\10\Include\10.0.10240.0\ucrt\corecrt_wstring.h(121): note: see declaration of 'wcscpy'
  aci_xl.cpp
aci_xl.cpp(19): warning C4996: '_wgetenv': This function or variable may be unsafe. Consider using _wdupenv_s instead. To disable deprecation, use _CRT_SECURE_NO_WARNINGS. See online help for details.
  C:\Program Files (x86)\Windows Kits\10\Include\10.0.10240.0\ucrt\corecrt_wstdlib.h(416): note: see declaration of '_wgetenv'
aci_xl.cpp(48): warning C4267: '=': conversion from 'size_t' to 'int', possible loss of data
aci_xl.cpp(42): warning C4996: '_wfopen': This function or variable may be unsafe. Consider using _wfopen_s instead. To disable deprecation, use _CRT_SECURE_NO_WARNINGS. See online help for details.
  C:\Program Files (x86)\Windows Kits\10\Include\10.0.10240.0\ucrt\corecrt_wstdio.h(129): note: see declaration of '_wfopen'
aci_xl.cpp(113): warning C4996: 'wcscpy': This function or variable may be unsafe. Consider using wcscpy_s instead. To disable deprecation, use _CRT_SECURE_NO_WARNINGS. See online help for details.
  C:\Program Files (x86)\Windows Kits\10\Include\10.0.10240.0\ucrt\corecrt_wstring.h(121): note: see declaration of 'wcscpy'
  Generating Code...
     Creating library .\Debug/aci_base.lib and object .\Debug/aci_base.exp
aci_base.exp : warning LNK4070: /OUT:aci_base.dll directive in .EXP differs from output filename 'aci_base.arx'; ignoring directive
rxapi.lib(libinit.obj) : warning LNK4099: PDB 'rxapi.pdb' was not found with 'rxapi.lib(libinit.obj)' or at 'C:\ACADAPPL\AI7_2017\ads\aci_base\Debug\rxapi.pdb'; linking object as if no debug info
  aci_base.vcxproj -> C:\ACADAPPL\AI7_2017\ads\aci_base\aci_base.arx
  aci_base.vcxproj -> .\Debug/aci_base.pdb (Full PDB)
